// Jest Snapshot v1, https://goo.gl/fbAQLP

exports[`component popup unit test base props check matchSnapshot 1`] = `"<wx-view class=\\"main--cube-popup main--cube-popup_mask main--cube-popup-center\\" style=\\"z-index: 100\\"><wx-view class=\\"main--cube-popup-mask\\"></wx-view><wx-view class=\\"main--cube-popup-content\\"><wx-rich-text><wx-view class=\\"rich-text\\">&lt;i style=\\"color:#fc9153\\"&gt;Hello World&lt;/i&gt;</wx-view></wx-rich-text></wx-view></wx-view>"`;

exports[`component popup unit test event check matchSnapshot 1`] = `"<wx-view class=\\"main--cube-popup main--cube-popup_mask main--cube-popup-center main--show\\" style=\\"z-index: 100\\"><wx-view class=\\"main--cube-popup-mask\\"></wx-view><wx-view class=\\"main--cube-popup-content\\"><wx-rich-text><wx-view class=\\"rich-text\\">&lt;i style=\\"color:#fc9153\\"&gt;Hello World&lt;/i&gt;</wx-view></wx-rich-text></wx-view></wx-view>"`;

exports[`component popup unit test slot check matchSnapshot 1`] = `"<main><wx-view class=\\"main--cube-popup main--cube-popup_mask main--cube-popup-center main--show\\" style=\\"z-index: 100\\"><wx-view class=\\"main--cube-popup-mask\\"><wx-view class=\\"my-mask\\"></wx-view></wx-view><wx-view class=\\"main--cube-popup-content\\"></wx-view></wx-view></main>"`;
