// Jest Snapshot v1, https://goo.gl/fbAQLP

exports[`component cascade-picker unit test base props check matchSnapshot 1`] = `"<cube-picker class=\\"main--ref_picker_1 main--cube-cascade-picker\\"><wx-view class=\\"cube-picker--cube-picker\\"><wx-picker-view class=\\"cube-picker--cube-picker-wheel-wrapper\\"><wx-picker-view-column class=\\"cube-picker--cube-picker-wheel-scroll\\" style=\\"order:0\\"><wx-view class=\\"cube-picker--cube-picker-wheel-item\\">Fruit text</wx-view><wx-view class=\\"cube-picker--cube-picker-wheel-item\\">Drink</wx-view><wx-view class=\\"cube-picker--cube-picker-wheel-item\\">Dessert</wx-view></wx-picker-view-column><wx-picker-view-column class=\\"cube-picker--cube-picker-wheel-scroll\\" style=\\"order:1\\"><wx-view class=\\"cube-picker--cube-picker-wheel-item\\">Coffee</wx-view><wx-view class=\\"cube-picker--cube-picker-wheel-item\\">Tea</wx-view><wx-view class=\\"cube-picker--cube-picker-wheel-item\\">Juice</wx-view></wx-picker-view-column><wx-picker-view-column class=\\"cube-picker--cube-picker-wheel-scroll\\" style=\\"order:2\\"><wx-view class=\\"cube-picker--cube-picker-wheel-item\\">One</wx-view><wx-view class=\\"cube-picker--cube-picker-wheel-item\\">Two</wx-view><wx-view class=\\"cube-picker--cube-picker-wheel-item\\">Three</wx-view><wx-view class=\\"cube-picker--cube-picker-wheel-item\\">Four</wx-view></wx-picker-view-column></wx-picker-view></wx-view></cube-picker>"`;
