// Jest Snapshot v1, https://goo.gl/fbAQLP

exports[`component input unit test api check matchSnapshot 1`] = `"<wx-view class=\\"main--cube-input\\"><wx-view class=\\"main--cube-input-prepend\\"></wx-view><wx-input class=\\"main--cube-input-field main--ref_input_1\\"></wx-input></wx-view>"`;

exports[`component input unit test base props check matchSnapshot 1`] = `"<wx-view class=\\"main--cube-input main--cube-input_disabled\\"><wx-view class=\\"main--cube-input-prepend\\"></wx-view><wx-input class=\\"main--cube-input-field main--ref_input_1\\"></wx-input></wx-view>"`;
