// Jest Snapshot v1, https://goo.gl/fbAQLP

exports[`component radio-group unit test   colNum check  matchSnapshot 1`] = `"<wx-view class=\\"main--cube-radio-group main--radio-group-multiple-columns\\"><cube-radio style=\\"flex: 0 0 33.333333333333336%\\" data-eventconfigs=\\"[object Object]\\"><wx-view class=\\"cube-radio--cube-radio\\"><wx-label class=\\"cube-radio--cube-radio-label\\"><wx-view class=\\"cube-radio--cube-radio-ui\\"><wx-view class=\\"cube-radio--cube-radio-inner-ui\\"></wx-view></wx-view><wx-view class=\\"cube-radio--cube-radio-text-wrap\\"><wx-view><wx-view class=\\"cube-radio--cube-radio-text\\">Option1</wx-view></wx-view></wx-view></wx-label></wx-view></cube-radio><cube-radio style=\\"flex: 0 0 33.333333333333336%\\" data-eventconfigs=\\"[object Object]\\"><wx-view class=\\"cube-radio--cube-radio\\"><wx-label class=\\"cube-radio--cube-radio-label cube-radio--cube-radio-label_checked\\"><wx-view class=\\"cube-radio--cube-radio-ui\\"><wx-view class=\\"cube-radio--cube-radio-inner-ui\\"></wx-view></wx-view><wx-view class=\\"cube-radio--cube-radio-text-wrap\\"><wx-view><wx-view class=\\"cube-radio--cube-radio-text\\">Option2</wx-view></wx-view></wx-view></wx-label></wx-view></cube-radio></wx-view>"`;

exports[`component radio-group unit test   line check  matchSnapshot 1`] = `"<wx-view class=\\"main--cube-radio-group main--radio-group-inline-block\\"><cube-radio style=\\"\\" data-eventconfigs=\\"[object Object]\\"><wx-view class=\\"cube-radio--cube-radio\\"><wx-label class=\\"cube-radio--cube-radio-label\\"><wx-view class=\\"cube-radio--cube-radio-ui\\"><wx-view class=\\"cube-radio--cube-radio-inner-ui\\"></wx-view></wx-view><wx-view class=\\"cube-radio--cube-radio-text-wrap\\"><wx-view><wx-view class=\\"cube-radio--cube-radio-text\\">Option1</wx-view></wx-view></wx-view></wx-label></wx-view></cube-radio><cube-radio style=\\"\\" data-eventconfigs=\\"[object Object]\\"><wx-view class=\\"cube-radio--cube-radio\\"><wx-label class=\\"cube-radio--cube-radio-label cube-radio--cube-radio-label_checked\\"><wx-view class=\\"cube-radio--cube-radio-ui\\"><wx-view class=\\"cube-radio--cube-radio-inner-ui\\"></wx-view></wx-view><wx-view class=\\"cube-radio--cube-radio-text-wrap\\"><wx-view><wx-view class=\\"cube-radio--cube-radio-text\\">Option2</wx-view></wx-view></wx-view></wx-label></wx-view></cube-radio></wx-view>"`;

exports[`component radio-group unit test   position check  matchSnapshot 1`] = `"<wx-view class=\\"main--cube-radio-group\\"><cube-radio style=\\"\\" data-eventconfigs=\\"[object Object]\\"><wx-view class=\\"cube-radio--cube-radio\\"><wx-label class=\\"cube-radio--cube-radio-label cube-radio--cube-radio-label-right\\"><wx-view class=\\"cube-radio--cube-radio-ui\\"><wx-view class=\\"cube-radio--cube-radio-inner-ui\\"></wx-view></wx-view><wx-view class=\\"cube-radio--cube-radio-text-wrap\\"><wx-view><wx-view class=\\"cube-radio--cube-radio-text\\">Option1</wx-view></wx-view></wx-view></wx-label></wx-view></cube-radio><cube-radio style=\\"\\" data-eventconfigs=\\"[object Object]\\"><wx-view class=\\"cube-radio--cube-radio\\"><wx-label class=\\"cube-radio--cube-radio-label cube-radio--cube-radio-label_checked\\"><wx-view class=\\"cube-radio--cube-radio-ui\\"><wx-view class=\\"cube-radio--cube-radio-inner-ui\\"></wx-view></wx-view><wx-view class=\\"cube-radio--cube-radio-text-wrap\\"><wx-view><wx-view class=\\"cube-radio--cube-radio-text\\">Option2</wx-view></wx-view></wx-view></wx-label></wx-view></cube-radio></wx-view>"`;

exports[`component radio-group unit test  check disabled matchSnapshot 1`] = `"<wx-view class=\\"main--cube-radio-group\\"><cube-radio style=\\"\\" data-eventconfigs=\\"[object Object]\\"><wx-view class=\\"cube-radio--cube-radio\\"><wx-label class=\\"cube-radio--cube-radio-label cube-radio--cube-radio-label_disabled\\"><wx-view class=\\"cube-radio--cube-radio-ui\\"><wx-view class=\\"cube-radio--cube-radio-inner-ui\\"></wx-view></wx-view><wx-view class=\\"cube-radio--cube-radio-text-wrap\\"><wx-view><wx-view class=\\"cube-radio--cube-radio-text\\">Option1</wx-view></wx-view></wx-view></wx-label></wx-view></cube-radio><cube-radio style=\\"\\" data-eventconfigs=\\"[object Object]\\"><wx-view class=\\"cube-radio--cube-radio\\"><wx-label class=\\"cube-radio--cube-radio-label cube-radio--cube-radio-label_checked\\"><wx-view class=\\"cube-radio--cube-radio-ui\\"><wx-view class=\\"cube-radio--cube-radio-inner-ui\\"></wx-view></wx-view><wx-view class=\\"cube-radio--cube-radio-text-wrap\\"><wx-view><wx-view class=\\"cube-radio--cube-radio-text\\">Option2</wx-view></wx-view></wx-view></wx-label></wx-view></cube-radio></wx-view>"`;

exports[`component radio-group unit test  correct props check  matchSnapshot 1`] = `"<wx-view class=\\"main--cube-radio-group\\"><cube-radio style=\\"\\" data-eventconfigs=\\"[object Object]\\"><wx-view class=\\"cube-radio--cube-radio\\"><wx-label class=\\"cube-radio--cube-radio-label\\"><wx-view class=\\"cube-radio--cube-radio-ui\\"><wx-view class=\\"cube-radio--cube-radio-inner-ui\\"></wx-view></wx-view><wx-view class=\\"cube-radio--cube-radio-text-wrap\\"><wx-view><wx-view class=\\"cube-radio--cube-radio-text\\">Option1</wx-view></wx-view></wx-view></wx-label></wx-view></cube-radio><cube-radio style=\\"\\" data-eventconfigs=\\"[object Object]\\"><wx-view class=\\"cube-radio--cube-radio\\"><wx-label class=\\"cube-radio--cube-radio-label cube-radio--cube-radio-label_checked\\"><wx-view class=\\"cube-radio--cube-radio-ui\\"><wx-view class=\\"cube-radio--cube-radio-inner-ui\\"></wx-view></wx-view><wx-view class=\\"cube-radio--cube-radio-text-wrap\\"><wx-view><wx-view class=\\"cube-radio--cube-radio-text\\">Option2</wx-view></wx-view></wx-view></wx-label></wx-view></cube-radio></wx-view>"`;

exports[`component radio-group unit test slot check matchSnapshot 1`] = `"<main><wx-view class=\\"main--cube-radio-group\\"><wx-view class=\\"my-title\\">标题</wx-view><wx-view class=\\"my-content\\">内容</wx-view><wx-view class=\\"my-btn\\">按钮文本</wx-view></wx-view></main>"`;

exports[`component radio-group unit test wx-model check matchSnapshot 1`] = `"<wx-view class=\\"main--radio-group-demo\\"><wx-view class=\\"main--cube-radio-group-example\\"><cube-radio-group data-eventconfigs=\\"[object Object]\\"><wx-view class=\\"cube-radio-group--cube-radio-group\\"><cube-radio style=\\"\\" data-eventconfigs=\\"[object Object]\\"><wx-view class=\\"cube-radio--cube-radio\\"><wx-label class=\\"cube-radio--cube-radio-label cube-radio--cube-radio-label_checked\\"><wx-view class=\\"cube-radio--cube-radio-ui\\"><wx-view class=\\"cube-radio--cube-radio-inner-ui\\"></wx-view></wx-view><wx-view class=\\"cube-radio--cube-radio-text-wrap\\"><wx-view><wx-view class=\\"cube-radio--cube-radio-text\\">one-T</wx-view></wx-view></wx-view></wx-label></wx-view></cube-radio><cube-radio style=\\"\\" data-eventconfigs=\\"[object Object]\\"><wx-view class=\\"cube-radio--cube-radio\\"><wx-label class=\\"cube-radio--cube-radio-label\\"><wx-view class=\\"cube-radio--cube-radio-ui\\"><wx-view class=\\"cube-radio--cube-radio-inner-ui\\"></wx-view></wx-view><wx-view class=\\"cube-radio--cube-radio-text-wrap\\"><wx-view><wx-view class=\\"cube-radio--cube-radio-text\\">two-T</wx-view></wx-view></wx-view></wx-label></wx-view></cube-radio><cube-radio style=\\"\\" data-eventconfigs=\\"[object Object]\\"><wx-view class=\\"cube-radio--cube-radio\\"><wx-label class=\\"cube-radio--cube-radio-label\\"><wx-view class=\\"cube-radio--cube-radio-ui\\"><wx-view class=\\"cube-radio--cube-radio-inner-ui\\"></wx-view></wx-view><wx-view class=\\"cube-radio--cube-radio-text-wrap\\"><wx-view><wx-view class=\\"cube-radio--cube-radio-text\\">three-T</wx-view></wx-view></wx-view></wx-label></wx-view></cube-radio></wx-view></cube-radio-group></wx-view><wx-view class=\\"main--view-desc\\">selected value: one-V</wx-view></wx-view>"`;
