// Jest Snapshot v1, https://goo.gl/fbAQLP

exports[`component picker unit test base props check matchSnapshot 1`] = `"<wx-view class=\\"main--cube-picker\\"><wx-picker-view class=\\"main--cube-picker-wheel-wrapper\\"><wx-picker-view-column class=\\"main--cube-picker-wheel-scroll\\" style=\\"order:0\\"><wx-view class=\\"main--cube-picker-wheel-item\\">1</wx-view><wx-view class=\\"main--cube-picker-wheel-item\\">2</wx-view><wx-view class=\\"main--cube-picker-wheel-item\\">3</wx-view></wx-picker-view-column><wx-picker-view-column class=\\"main--cube-picker-wheel-scroll\\" style=\\"order:1\\"><wx-view class=\\"main--cube-picker-wheel-item\\">4</wx-view><wx-view class=\\"main--cube-picker-wheel-item\\">5</wx-view><wx-view class=\\"main--cube-picker-wheel-item\\">6</wx-view><wx-view class=\\"main--cube-picker-wheel-item\\">7</wx-view></wx-picker-view-column><wx-picker-view-column class=\\"main--cube-picker-wheel-scroll\\" style=\\"order:2\\"><wx-view class=\\"main--cube-picker-wheel-item\\">8</wx-view><wx-view class=\\"main--cube-picker-wheel-item\\">9</wx-view><wx-view class=\\"main--cube-picker-wheel-item\\">10</wx-view></wx-picker-view-column></wx-picker-view></wx-view>"`;
