// Jest Snapshot v1, https://goo.gl/fbAQLP

exports[`component icon unit test render 1`] = `"<wx-view class=\\"main--cubeic main--cubeic main--cubeic-add\\" style=\\"\\"></wx-view>"`;
