// Jest Snapshot v1, https://goo.gl/fbAQLP

exports[`component checkbox-group unit test render check render 1`] = `"<wx-view class=\\"main--cube-checkbox-group\\"></wx-view>"`;

exports[`component checkbox-group unit test render check render 2`] = `"<wx-view class=\\"main--cube-checkbox-group\\"><cube-checkbox class=\\"main--ref_checkboxRef_1\\" style=\\"\\"><wx-view class=\\"cube-checkbox--cube-checkbox\\"><wx-label class=\\"cube-checkbox--cube-checkbox-label\\"><wx-view class=\\"cube-checkbox--cube-checkbox-ui cube-checkbox--cube-checkbox-ui-round\\"><wx-view class=\\"cube-checkbox--cube-checkbox-inner-ui cube-checkbox--cube-checkbox-inner-ui-round\\"></wx-view></wx-view><wx-view class=\\"cube-checkbox--cube-checkbox-text-wrap\\"><wx-view><wx-view class=\\"cube-checkbox--cube-checkbox-text\\">苹果desc</wx-view></wx-view></wx-view></wx-label></wx-view></cube-checkbox><cube-checkbox class=\\"main--ref_checkboxRef_1\\" style=\\"\\"><wx-view class=\\"cube-checkbox--cube-checkbox\\"><wx-label class=\\"cube-checkbox--cube-checkbox-label\\"><wx-view class=\\"cube-checkbox--cube-checkbox-ui cube-checkbox--cube-checkbox-ui-round\\"><wx-view class=\\"cube-checkbox--cube-checkbox-inner-ui cube-checkbox--cube-checkbox-inner-ui-round\\"></wx-view></wx-view><wx-view class=\\"cube-checkbox--cube-checkbox-text-wrap\\"><wx-view><wx-view class=\\"cube-checkbox--cube-checkbox-text\\">橘子desc</wx-view></wx-view></wx-view></wx-label></wx-view></cube-checkbox><cube-checkbox class=\\"main--ref_checkboxRef_1\\" style=\\"\\"><wx-view class=\\"cube-checkbox--cube-checkbox\\"><wx-label class=\\"cube-checkbox--cube-checkbox-label\\"><wx-view class=\\"cube-checkbox--cube-checkbox-ui cube-checkbox--cube-checkbox-ui-round cube-checkbox--cube-checkbox-ui_checked\\"><wx-view class=\\"cube-checkbox--cube-checkbox-inner-ui cube-checkbox--cube-checkbox-inner-ui-round\\"></wx-view></wx-view><wx-view class=\\"cube-checkbox--cube-checkbox-text-wrap\\"><wx-view><wx-view class=\\"cube-checkbox--cube-checkbox-text\\">香蕉desc</wx-view></wx-view></wx-view></wx-label></wx-view></cube-checkbox><cube-checkbox class=\\"main--ref_checkboxRef_1\\" style=\\"\\"><wx-view class=\\"cube-checkbox--cube-checkbox\\"><wx-label class=\\"cube-checkbox--cube-checkbox-label\\"><wx-view class=\\"cube-checkbox--cube-checkbox-ui cube-checkbox--cube-checkbox-ui-round\\"><wx-view class=\\"cube-checkbox--cube-checkbox-inner-ui cube-checkbox--cube-checkbox-inner-ui-round\\"></wx-view></wx-view><wx-view class=\\"cube-checkbox--cube-checkbox-text-wrap\\"><wx-view><wx-view class=\\"cube-checkbox--cube-checkbox-text\\">桃子desc</wx-view></wx-view></wx-view></wx-label></wx-view></cube-checkbox></wx-view>"`;

exports[`component checkbox-group unit test render check render 3`] = `"<wx-view class=\\"main--cube-checkbox-group\\"><cube-checkbox class=\\"main--ref_checkboxRef_1\\" style=\\"\\"><wx-view class=\\"cube-checkbox--cube-checkbox\\"><wx-label class=\\"cube-checkbox--cube-checkbox-label\\"><wx-view class=\\"cube-checkbox--cube-checkbox-ui cube-checkbox--cube-checkbox-ui-square\\"><wx-view class=\\"cube-checkbox--cube-checkbox-inner-ui cube-checkbox--cube-checkbox-inner-ui-square\\"></wx-view></wx-view><wx-view class=\\"cube-checkbox--cube-checkbox-text-wrap\\"><wx-view><wx-view class=\\"cube-checkbox--cube-checkbox-text\\">苹果desc</wx-view></wx-view></wx-view></wx-label></wx-view></cube-checkbox><cube-checkbox class=\\"main--ref_checkboxRef_1\\" style=\\"\\"><wx-view class=\\"cube-checkbox--cube-checkbox\\"><wx-label class=\\"cube-checkbox--cube-checkbox-label\\"><wx-view class=\\"cube-checkbox--cube-checkbox-ui cube-checkbox--cube-checkbox-ui-square\\"><wx-view class=\\"cube-checkbox--cube-checkbox-inner-ui cube-checkbox--cube-checkbox-inner-ui-square\\"></wx-view></wx-view><wx-view class=\\"cube-checkbox--cube-checkbox-text-wrap\\"><wx-view><wx-view class=\\"cube-checkbox--cube-checkbox-text\\">橘子desc</wx-view></wx-view></wx-view></wx-label></wx-view></cube-checkbox><cube-checkbox class=\\"main--ref_checkboxRef_1\\" style=\\"\\"><wx-view class=\\"cube-checkbox--cube-checkbox\\"><wx-label class=\\"cube-checkbox--cube-checkbox-label\\"><wx-view class=\\"cube-checkbox--cube-checkbox-ui cube-checkbox--cube-checkbox-ui-square cube-checkbox--cube-checkbox-ui_checked\\"><wx-view class=\\"cube-checkbox--cube-checkbox-inner-ui cube-checkbox--cube-checkbox-inner-ui-square\\"></wx-view></wx-view><wx-view class=\\"cube-checkbox--cube-checkbox-text-wrap\\"><wx-view><wx-view class=\\"cube-checkbox--cube-checkbox-text\\">香蕉desc</wx-view></wx-view></wx-view></wx-label></wx-view></cube-checkbox><cube-checkbox class=\\"main--ref_checkboxRef_1\\" style=\\"\\"><wx-view class=\\"cube-checkbox--cube-checkbox\\"><wx-label class=\\"cube-checkbox--cube-checkbox-label\\"><wx-view class=\\"cube-checkbox--cube-checkbox-ui cube-checkbox--cube-checkbox-ui-square\\"><wx-view class=\\"cube-checkbox--cube-checkbox-inner-ui cube-checkbox--cube-checkbox-inner-ui-square\\"></wx-view></wx-view><wx-view class=\\"cube-checkbox--cube-checkbox-text-wrap\\"><wx-view><wx-view class=\\"cube-checkbox--cube-checkbox-text\\">桃子desc</wx-view></wx-view></wx-view></wx-label></wx-view></cube-checkbox></wx-view>"`;

exports[`component checkbox-group unit test render check render 4`] = `"<wx-view class=\\"main--cube-checkbox-group main--checkbox-group-inline-block\\"><cube-checkbox class=\\"main--ref_checkboxRef_1\\" style=\\"\\"><wx-view class=\\"cube-checkbox--cube-checkbox\\"><wx-label class=\\"cube-checkbox--cube-checkbox-label\\"><wx-view class=\\"cube-checkbox--cube-checkbox-ui cube-checkbox--cube-checkbox-ui-round\\"><wx-view class=\\"cube-checkbox--cube-checkbox-inner-ui cube-checkbox--cube-checkbox-inner-ui-round\\"></wx-view></wx-view><wx-view class=\\"cube-checkbox--cube-checkbox-text-wrap\\"><wx-view><wx-view class=\\"cube-checkbox--cube-checkbox-text\\">苹果desc</wx-view></wx-view></wx-view></wx-label></wx-view></cube-checkbox><cube-checkbox class=\\"main--ref_checkboxRef_1\\" style=\\"\\"><wx-view class=\\"cube-checkbox--cube-checkbox\\"><wx-label class=\\"cube-checkbox--cube-checkbox-label\\"><wx-view class=\\"cube-checkbox--cube-checkbox-ui cube-checkbox--cube-checkbox-ui-round\\"><wx-view class=\\"cube-checkbox--cube-checkbox-inner-ui cube-checkbox--cube-checkbox-inner-ui-round\\"></wx-view></wx-view><wx-view class=\\"cube-checkbox--cube-checkbox-text-wrap\\"><wx-view><wx-view class=\\"cube-checkbox--cube-checkbox-text\\">橘子desc</wx-view></wx-view></wx-view></wx-label></wx-view></cube-checkbox><cube-checkbox class=\\"main--ref_checkboxRef_1\\" style=\\"\\"><wx-view class=\\"cube-checkbox--cube-checkbox\\"><wx-label class=\\"cube-checkbox--cube-checkbox-label\\"><wx-view class=\\"cube-checkbox--cube-checkbox-ui cube-checkbox--cube-checkbox-ui-round cube-checkbox--cube-checkbox-ui_checked\\"><wx-view class=\\"cube-checkbox--cube-checkbox-inner-ui cube-checkbox--cube-checkbox-inner-ui-round\\"></wx-view></wx-view><wx-view class=\\"cube-checkbox--cube-checkbox-text-wrap\\"><wx-view><wx-view class=\\"cube-checkbox--cube-checkbox-text\\">香蕉desc</wx-view></wx-view></wx-view></wx-label></wx-view></cube-checkbox><cube-checkbox class=\\"main--ref_checkboxRef_1\\" style=\\"\\"><wx-view class=\\"cube-checkbox--cube-checkbox\\"><wx-label class=\\"cube-checkbox--cube-checkbox-label\\"><wx-view class=\\"cube-checkbox--cube-checkbox-ui cube-checkbox--cube-checkbox-ui-round\\"><wx-view class=\\"cube-checkbox--cube-checkbox-inner-ui cube-checkbox--cube-checkbox-inner-ui-round\\"></wx-view></wx-view><wx-view class=\\"cube-checkbox--cube-checkbox-text-wrap\\"><wx-view><wx-view class=\\"cube-checkbox--cube-checkbox-text\\">桃子desc</wx-view></wx-view></wx-view></wx-label></wx-view></cube-checkbox></wx-view>"`;

exports[`component checkbox-group unit test render check render 5`] = `"<wx-view class=\\"main--cube-checkbox-group main--checkbox-group-multiple-columns\\"><cube-checkbox class=\\"main--ref_checkboxRef_1\\" style=\\"flex: 0 0 50%\\"><wx-view class=\\"cube-checkbox--cube-checkbox\\"><wx-label class=\\"cube-checkbox--cube-checkbox-label\\"><wx-view class=\\"cube-checkbox--cube-checkbox-ui cube-checkbox--cube-checkbox-ui-round\\"><wx-view class=\\"cube-checkbox--cube-checkbox-inner-ui cube-checkbox--cube-checkbox-inner-ui-round\\"></wx-view></wx-view><wx-view class=\\"cube-checkbox--cube-checkbox-text-wrap\\"><wx-view><wx-view class=\\"cube-checkbox--cube-checkbox-text\\">苹果desc</wx-view></wx-view></wx-view></wx-label></wx-view></cube-checkbox><cube-checkbox class=\\"main--ref_checkboxRef_1\\" style=\\"flex: 0 0 50%\\"><wx-view class=\\"cube-checkbox--cube-checkbox\\"><wx-label class=\\"cube-checkbox--cube-checkbox-label\\"><wx-view class=\\"cube-checkbox--cube-checkbox-ui cube-checkbox--cube-checkbox-ui-round\\"><wx-view class=\\"cube-checkbox--cube-checkbox-inner-ui cube-checkbox--cube-checkbox-inner-ui-round\\"></wx-view></wx-view><wx-view class=\\"cube-checkbox--cube-checkbox-text-wrap\\"><wx-view><wx-view class=\\"cube-checkbox--cube-checkbox-text\\">橘子desc</wx-view></wx-view></wx-view></wx-label></wx-view></cube-checkbox><cube-checkbox class=\\"main--ref_checkboxRef_1\\" style=\\"flex: 0 0 50%\\"><wx-view class=\\"cube-checkbox--cube-checkbox\\"><wx-label class=\\"cube-checkbox--cube-checkbox-label\\"><wx-view class=\\"cube-checkbox--cube-checkbox-ui cube-checkbox--cube-checkbox-ui-round cube-checkbox--cube-checkbox-ui_checked\\"><wx-view class=\\"cube-checkbox--cube-checkbox-inner-ui cube-checkbox--cube-checkbox-inner-ui-round\\"></wx-view></wx-view><wx-view class=\\"cube-checkbox--cube-checkbox-text-wrap\\"><wx-view><wx-view class=\\"cube-checkbox--cube-checkbox-text\\">香蕉desc</wx-view></wx-view></wx-view></wx-label></wx-view></cube-checkbox><cube-checkbox class=\\"main--ref_checkboxRef_1\\" style=\\"flex: 0 0 50%\\"><wx-view class=\\"cube-checkbox--cube-checkbox\\"><wx-label class=\\"cube-checkbox--cube-checkbox-label\\"><wx-view class=\\"cube-checkbox--cube-checkbox-ui cube-checkbox--cube-checkbox-ui-round\\"><wx-view class=\\"cube-checkbox--cube-checkbox-inner-ui cube-checkbox--cube-checkbox-inner-ui-round\\"></wx-view></wx-view><wx-view class=\\"cube-checkbox--cube-checkbox-text-wrap\\"><wx-view><wx-view class=\\"cube-checkbox--cube-checkbox-text\\">桃子desc</wx-view></wx-view></wx-view></wx-label></wx-view></cube-checkbox></wx-view>"`;

exports[`component checkbox-group unit test render check render 6`] = `"<wx-view class=\\"main--cube-checkbox-group\\"><cube-checkbox class=\\"main--ref_checkboxRef_1\\" style=\\"\\"><wx-view class=\\"cube-checkbox--cube-checkbox\\"><wx-label class=\\"cube-checkbox--cube-checkbox-label\\"><wx-view class=\\"cube-checkbox--cube-checkbox-ui cube-checkbox--cube-checkbox-ui-round\\"><wx-view class=\\"cube-checkbox--cube-checkbox-inner-ui cube-checkbox--cube-checkbox-inner-ui-round\\"></wx-view></wx-view><wx-view class=\\"cube-checkbox--cube-checkbox-text-wrap\\"><wx-view><wx-view class=\\"cube-checkbox--cube-checkbox-text\\">苹果desc</wx-view></wx-view></wx-view></wx-label></wx-view></cube-checkbox><cube-checkbox class=\\"main--ref_checkboxRef_1\\" style=\\"\\"><wx-view class=\\"cube-checkbox--cube-checkbox\\"><wx-label class=\\"cube-checkbox--cube-checkbox-label\\"><wx-view class=\\"cube-checkbox--cube-checkbox-ui cube-checkbox--cube-checkbox-ui-round\\"><wx-view class=\\"cube-checkbox--cube-checkbox-inner-ui cube-checkbox--cube-checkbox-inner-ui-round\\"></wx-view></wx-view><wx-view class=\\"cube-checkbox--cube-checkbox-text-wrap\\"><wx-view><wx-view class=\\"cube-checkbox--cube-checkbox-text\\">橘子desc</wx-view></wx-view></wx-view></wx-label></wx-view></cube-checkbox><cube-checkbox class=\\"main--ref_checkboxRef_1\\" style=\\"\\"><wx-view class=\\"cube-checkbox--cube-checkbox\\"><wx-label class=\\"cube-checkbox--cube-checkbox-label\\"><wx-view class=\\"cube-checkbox--cube-checkbox-ui cube-checkbox--cube-checkbox-ui-round cube-checkbox--cube-checkbox-ui_disabled cube-checkbox--cube-checkbox-ui_checked\\"><wx-view class=\\"cube-checkbox--cube-checkbox-inner-ui cube-checkbox--cube-checkbox-inner-ui-round\\"></wx-view></wx-view><wx-view class=\\"cube-checkbox--cube-checkbox-text-wrap cube-checkbox--cube-checkbox-text-wrap_disabled\\"><wx-view><wx-view class=\\"cube-checkbox--cube-checkbox-text\\">香蕉desc</wx-view></wx-view></wx-view></wx-label></wx-view></cube-checkbox><cube-checkbox class=\\"main--ref_checkboxRef_1\\" style=\\"\\"><wx-view class=\\"cube-checkbox--cube-checkbox\\"><wx-label class=\\"cube-checkbox--cube-checkbox-label cube-checkbox--cube-checkbox-label-position\\"><wx-view class=\\"cube-checkbox--cube-checkbox-ui cube-checkbox--cube-checkbox-ui-round\\"><wx-view class=\\"cube-checkbox--cube-checkbox-inner-ui cube-checkbox--cube-checkbox-inner-ui-round\\"></wx-view></wx-view><wx-view class=\\"cube-checkbox--cube-checkbox-text-wrap\\"><wx-view><wx-view class=\\"cube-checkbox--cube-checkbox-text\\">桃子desc</wx-view></wx-view></wx-view></wx-label></wx-view></cube-checkbox></wx-view>"`;
