// Jest Snapshot v1, https://goo.gl/fbAQLP

exports[`component picker unit test  props:showNow check  matchSnapshot 1`] = `"<cube-cascade-picker class=\\"main--ref_picker_1 main--cube-time-picker\\"><cube-picker class=\\"cube-cascade-picker--ref_picker_1 cube-cascade-picker--cube-cascade-picker\\"><wx-view class=\\"cube-picker--cube-picker\\"><wx-picker-view class=\\"cube-picker--cube-picker-wheel-wrapper\\"><wx-picker-view-column class=\\"cube-picker--cube-picker-wheel-scroll\\" style=\\"order:0\\"><wx-view class=\\"cube-picker--cube-picker-wheel-item\\">12月11日</wx-view><wx-view class=\\"cube-picker--cube-picker-wheel-item\\">12月12日</wx-view><wx-view class=\\"cube-picker--cube-picker-wheel-item\\">12月13日</wx-view></wx-picker-view-column><wx-picker-view-column class=\\"cube-picker--cube-picker-wheel-scroll\\" style=\\"order:1\\"><wx-view class=\\"cube-picker--cube-picker-wheel-item\\">12点</wx-view><wx-view class=\\"cube-picker--cube-picker-wheel-item\\">13点</wx-view><wx-view class=\\"cube-picker--cube-picker-wheel-item\\">14点</wx-view><wx-view class=\\"cube-picker--cube-picker-wheel-item\\">15点</wx-view><wx-view class=\\"cube-picker--cube-picker-wheel-item\\">16点</wx-view><wx-view class=\\"cube-picker--cube-picker-wheel-item\\">17点</wx-view><wx-view class=\\"cube-picker--cube-picker-wheel-item\\">18点</wx-view><wx-view class=\\"cube-picker--cube-picker-wheel-item\\">19点</wx-view><wx-view class=\\"cube-picker--cube-picker-wheel-item\\">20点</wx-view><wx-view class=\\"cube-picker--cube-picker-wheel-item\\">21点</wx-view><wx-view class=\\"cube-picker--cube-picker-wheel-item\\">22点</wx-view><wx-view class=\\"cube-picker--cube-picker-wheel-item\\">23点</wx-view></wx-picker-view-column><wx-picker-view-column class=\\"cube-picker--cube-picker-wheel-scroll\\" style=\\"order:2\\"><wx-view class=\\"cube-picker--cube-picker-wheel-item\\">30分</wx-view><wx-view class=\\"cube-picker--cube-picker-wheel-item\\">40分</wx-view><wx-view class=\\"cube-picker--cube-picker-wheel-item\\">50分</wx-view></wx-picker-view-column></wx-picker-view></wx-view></cube-picker></cube-cascade-picker>"`;

exports[`component picker unit test base props check matchSnapshot 1`] = `"<cube-cascade-picker class=\\"main--ref_picker_1 main--cube-time-picker\\"><cube-picker class=\\"cube-cascade-picker--ref_picker_1 cube-cascade-picker--cube-cascade-picker\\"><wx-view class=\\"cube-picker--cube-picker\\"><wx-picker-view class=\\"cube-picker--cube-picker-wheel-wrapper\\"><wx-picker-view-column class=\\"cube-picker--cube-picker-wheel-scroll\\" style=\\"order:0\\"><wx-view class=\\"cube-picker--cube-picker-wheel-item\\">12月11日</wx-view><wx-view class=\\"cube-picker--cube-picker-wheel-item\\">12月12日</wx-view><wx-view class=\\"cube-picker--cube-picker-wheel-item\\">12月13日</wx-view></wx-picker-view-column><wx-picker-view-column class=\\"cube-picker--cube-picker-wheel-scroll\\" style=\\"order:1\\"><wx-view class=\\"cube-picker--cube-picker-wheel-item\\">12点</wx-view><wx-view class=\\"cube-picker--cube-picker-wheel-item\\">13点</wx-view><wx-view class=\\"cube-picker--cube-picker-wheel-item\\">14点</wx-view><wx-view class=\\"cube-picker--cube-picker-wheel-item\\">15点</wx-view><wx-view class=\\"cube-picker--cube-picker-wheel-item\\">16点</wx-view><wx-view class=\\"cube-picker--cube-picker-wheel-item\\">17点</wx-view><wx-view class=\\"cube-picker--cube-picker-wheel-item\\">18点</wx-view><wx-view class=\\"cube-picker--cube-picker-wheel-item\\">19点</wx-view><wx-view class=\\"cube-picker--cube-picker-wheel-item\\">20点</wx-view><wx-view class=\\"cube-picker--cube-picker-wheel-item\\">21点</wx-view><wx-view class=\\"cube-picker--cube-picker-wheel-item\\">22点</wx-view><wx-view class=\\"cube-picker--cube-picker-wheel-item\\">23点</wx-view></wx-picker-view-column><wx-picker-view-column class=\\"cube-picker--cube-picker-wheel-scroll\\" style=\\"order:2\\"><wx-view class=\\"cube-picker--cube-picker-wheel-item\\">30分</wx-view><wx-view class=\\"cube-picker--cube-picker-wheel-item\\">40分</wx-view><wx-view class=\\"cube-picker--cube-picker-wheel-item\\">50分</wx-view></wx-picker-view-column></wx-picker-view></wx-view></cube-picker></cube-cascade-picker>"`;

exports[`component picker unit test props:minuteStep check matchSnapshot 1`] = `"<cube-cascade-picker class=\\"main--ref_picker_1 main--cube-time-picker\\"><cube-picker class=\\"cube-cascade-picker--ref_picker_1 cube-cascade-picker--cube-cascade-picker\\"><wx-view class=\\"cube-picker--cube-picker\\"><wx-picker-view class=\\"cube-picker--cube-picker-wheel-wrapper\\"><wx-picker-view-column class=\\"cube-picker--cube-picker-wheel-scroll\\" style=\\"order:0\\"><wx-view class=\\"cube-picker--cube-picker-wheel-item\\">12月11日</wx-view><wx-view class=\\"cube-picker--cube-picker-wheel-item\\">12月12日</wx-view><wx-view class=\\"cube-picker--cube-picker-wheel-item\\">12月13日</wx-view></wx-picker-view-column><wx-picker-view-column class=\\"cube-picker--cube-picker-wheel-scroll\\" style=\\"order:1\\"><wx-view class=\\"cube-picker--cube-picker-wheel-item\\">12点</wx-view><wx-view class=\\"cube-picker--cube-picker-wheel-item\\">13点</wx-view><wx-view class=\\"cube-picker--cube-picker-wheel-item\\">14点</wx-view><wx-view class=\\"cube-picker--cube-picker-wheel-item\\">15点</wx-view><wx-view class=\\"cube-picker--cube-picker-wheel-item\\">16点</wx-view><wx-view class=\\"cube-picker--cube-picker-wheel-item\\">17点</wx-view><wx-view class=\\"cube-picker--cube-picker-wheel-item\\">18点</wx-view><wx-view class=\\"cube-picker--cube-picker-wheel-item\\">19点</wx-view><wx-view class=\\"cube-picker--cube-picker-wheel-item\\">20点</wx-view><wx-view class=\\"cube-picker--cube-picker-wheel-item\\">21点</wx-view><wx-view class=\\"cube-picker--cube-picker-wheel-item\\">22点</wx-view><wx-view class=\\"cube-picker--cube-picker-wheel-item\\">23点</wx-view></wx-picker-view-column><wx-picker-view-column class=\\"cube-picker--cube-picker-wheel-scroll\\" style=\\"order:2\\"><wx-view class=\\"cube-picker--cube-picker-wheel-item\\">00分</wx-view><wx-view class=\\"cube-picker--cube-picker-wheel-item\\">05分</wx-view><wx-view class=\\"cube-picker--cube-picker-wheel-item\\">10分</wx-view><wx-view class=\\"cube-picker--cube-picker-wheel-item\\">15分</wx-view><wx-view class=\\"cube-picker--cube-picker-wheel-item\\">20分</wx-view><wx-view class=\\"cube-picker--cube-picker-wheel-item\\">25分</wx-view><wx-view class=\\"cube-picker--cube-picker-wheel-item\\">30分</wx-view><wx-view class=\\"cube-picker--cube-picker-wheel-item\\">35分</wx-view><wx-view class=\\"cube-picker--cube-picker-wheel-item\\">40分</wx-view><wx-view class=\\"cube-picker--cube-picker-wheel-item\\">45分</wx-view><wx-view class=\\"cube-picker--cube-picker-wheel-item\\">50分</wx-view><wx-view class=\\"cube-picker--cube-picker-wheel-item\\">55分</wx-view></wx-picker-view-column></wx-picker-view></wx-view></cube-picker></cube-cascade-picker>"`;
