// Jest Snapshot v1, https://goo.gl/fbAQLP

exports[`component picker unit test base props check matchSnapshot 1`] = `"<cube-picker class=\\"main--cube-date-picker\\"><wx-view class=\\"cube-picker--cube-picker\\"><wx-picker-view class=\\"cube-picker--cube-picker-wheel-wrapper\\"><wx-picker-view-column class=\\"cube-picker--cube-picker-wheel-scroll\\" style=\\"order:0\\"><wx-view class=\\"cube-picker--cube-picker-wheel-item\\">2010</wx-view><wx-view class=\\"cube-picker--cube-picker-wheel-item\\">2011</wx-view><wx-view class=\\"cube-picker--cube-picker-wheel-item\\">2012</wx-view><wx-view class=\\"cube-picker--cube-picker-wheel-item\\">2013</wx-view><wx-view class=\\"cube-picker--cube-picker-wheel-item\\">2014</wx-view><wx-view class=\\"cube-picker--cube-picker-wheel-item\\">2015</wx-view><wx-view class=\\"cube-picker--cube-picker-wheel-item\\">2016</wx-view><wx-view class=\\"cube-picker--cube-picker-wheel-item\\">2017</wx-view><wx-view class=\\"cube-picker--cube-picker-wheel-item\\">2018</wx-view><wx-view class=\\"cube-picker--cube-picker-wheel-item\\">2019</wx-view><wx-view class=\\"cube-picker--cube-picker-wheel-item\\">2020</wx-view><wx-view class=\\"cube-picker--cube-picker-wheel-item\\">2021</wx-view><wx-view class=\\"cube-picker--cube-picker-wheel-item\\">2022</wx-view></wx-picker-view-column><wx-picker-view-column class=\\"cube-picker--cube-picker-wheel-scroll\\" style=\\"order:1\\"><wx-view class=\\"cube-picker--cube-picker-wheel-item\\">8</wx-view><wx-view class=\\"cube-picker--cube-picker-wheel-item\\">9</wx-view><wx-view class=\\"cube-picker--cube-picker-wheel-item\\">10</wx-view><wx-view class=\\"cube-picker--cube-picker-wheel-item\\">11</wx-view><wx-view class=\\"cube-picker--cube-picker-wheel-item\\">12</wx-view></wx-picker-view-column><wx-picker-view-column class=\\"cube-picker--cube-picker-wheel-scroll\\" style=\\"order:2\\"><wx-view class=\\"cube-picker--cube-picker-wheel-item\\">8</wx-view><wx-view class=\\"cube-picker--cube-picker-wheel-item\\">9</wx-view><wx-view class=\\"cube-picker--cube-picker-wheel-item\\">10</wx-view><wx-view class=\\"cube-picker--cube-picker-wheel-item\\">11</wx-view><wx-view class=\\"cube-picker--cube-picker-wheel-item\\">12</wx-view><wx-view class=\\"cube-picker--cube-picker-wheel-item\\">13</wx-view><wx-view class=\\"cube-picker--cube-picker-wheel-item\\">14</wx-view><wx-view class=\\"cube-picker--cube-picker-wheel-item\\">15</wx-view><wx-view class=\\"cube-picker--cube-picker-wheel-item\\">16</wx-view><wx-view class=\\"cube-picker--cube-picker-wheel-item\\">17</wx-view><wx-view class=\\"cube-picker--cube-picker-wheel-item\\">18</wx-view><wx-view class=\\"cube-picker--cube-picker-wheel-item\\">19</wx-view><wx-view class=\\"cube-picker--cube-picker-wheel-item\\">20</wx-view><wx-view class=\\"cube-picker--cube-picker-wheel-item\\">21</wx-view><wx-view class=\\"cube-picker--cube-picker-wheel-item\\">22</wx-view><wx-view class=\\"cube-picker--cube-picker-wheel-item\\">23</wx-view><wx-view class=\\"cube-picker--cube-picker-wheel-item\\">24</wx-view><wx-view class=\\"cube-picker--cube-picker-wheel-item\\">25</wx-view><wx-view class=\\"cube-picker--cube-picker-wheel-item\\">26</wx-view><wx-view class=\\"cube-picker--cube-picker-wheel-item\\">27</wx-view><wx-view class=\\"cube-picker--cube-picker-wheel-item\\">28</wx-view><wx-view class=\\"cube-picker--cube-picker-wheel-item\\">29</wx-view><wx-view class=\\"cube-picker--cube-picker-wheel-item\\">30</wx-view><wx-view class=\\"cube-picker--cube-picker-wheel-item\\">31</wx-view></wx-picker-view-column></wx-picker-view></wx-view></cube-picker>"`;
