// Jest Snapshot v1, https://goo.gl/fbAQLP

exports[`component radio unit test correct render check matchSnapshot 1`] = `"<wx-view class=\\"main--cube-radio\\"><wx-label class=\\"main--cube-radio-label\\"><wx-view class=\\"main--cube-radio-ui\\"><wx-view class=\\"main--cube-radio-inner-ui\\"></wx-view></wx-view><wx-view class=\\"main--cube-radio-text-wrap\\"><wx-view><wx-view class=\\"main--cube-radio-text\\">Option1</wx-view><wx-view class=\\"main--cube-radio-desc\\">Option1</wx-view></wx-view></wx-view></wx-label></wx-view>"`;

exports[`component radio unit test disabled check matchSnapshot 1`] = `"<wx-view class=\\"main--cube-radio\\"><wx-label class=\\"main--cube-radio-label main--cube-radio-label_disabled\\"><wx-view class=\\"main--cube-radio-ui\\"><wx-view class=\\"main--cube-radio-inner-ui\\"></wx-view></wx-view><wx-view class=\\"main--cube-radio-text-wrap\\"><wx-view><wx-view class=\\"main--cube-radio-text\\">Option1</wx-view><wx-view class=\\"main--cube-radio-desc\\">Option1</wx-view></wx-view></wx-view></wx-label></wx-view>"`;

exports[`component radio unit test right check matchSnapshot 1`] = `"<wx-view class=\\"main--cube-radio\\"><wx-label class=\\"main--cube-radio-label main--cube-radio-label-right\\"><wx-view class=\\"main--cube-radio-ui\\"><wx-view class=\\"main--cube-radio-inner-ui\\"></wx-view></wx-view><wx-view class=\\"main--cube-radio-text-wrap\\"><wx-view><wx-view class=\\"main--cube-radio-text\\">Option1</wx-view><wx-view class=\\"main--cube-radio-desc\\">Option1</wx-view></wx-view></wx-view></wx-label></wx-view>"`;

exports[`component radio unit test slot check matchSnapshot 1`] = `"<main><wx-view class=\\"main--cube-radio\\"><wx-label class=\\"main--cube-radio-label main--cube-radio-label_checked\\"><wx-view class=\\"main--cube-radio-ui\\"><wx-view class=\\"main--cube-radio-inner-ui\\"></wx-view></wx-view><wx-view class=\\"main--cube-radio-text-wrap\\"><wx-view class=\\"my-title\\">标题</wx-view><wx-view class=\\"my-content\\">内容</wx-view><wx-view class=\\"my-btn\\">按钮文本</wx-view></wx-view></wx-label></wx-view></main>"`;

exports[`component radio unit test wx:model check matchSnapshot 1`] = `"<wx-view class=\\"main--radio-default-checked-demo\\"><wx-view>默认选项: Option1</wx-view><wx-view class=\\"main--cube-radio-demos\\"><cube-radio class=\\"main--cube-radio\\" data-eventconfigs=\\"[object Object]\\"><wx-view class=\\"cube-radio--cube-radio\\"><wx-label class=\\"cube-radio--cube-radio-label cube-radio--cube-radio-label_checked\\"><wx-view class=\\"cube-radio--cube-radio-ui\\"><wx-view class=\\"cube-radio--cube-radio-inner-ui\\"></wx-view></wx-view><wx-view class=\\"cube-radio--cube-radio-text-wrap\\"><wx-view><wx-view class=\\"cube-radio--cube-radio-text\\">Option1</wx-view></wx-view></wx-view></wx-label></wx-view></cube-radio><cube-radio class=\\"main--cube-radio\\" data-eventconfigs=\\"[object Object]\\"><wx-view class=\\"cube-radio--cube-radio\\"><wx-label class=\\"cube-radio--cube-radio-label\\"><wx-view class=\\"cube-radio--cube-radio-ui\\"><wx-view class=\\"cube-radio--cube-radio-inner-ui\\"></wx-view></wx-view><wx-view class=\\"cube-radio--cube-radio-text-wrap\\"><wx-view><wx-view class=\\"cube-radio--cube-radio-text\\">Option2</wx-view></wx-view></wx-view></wx-label></wx-view></cube-radio></wx-view></wx-view>"`;
