// Jest Snapshot v1, https://goo.gl/fbAQLP

exports[`component checkbox unit test click check checkbox is disabled 1`] = `"<wx-view class=\\"main--cube-checkbox\\"><wx-label class=\\"main--cube-checkbox-label\\"><wx-view class=\\"main--cube-checkbox-ui main--cube-checkbox-ui-round main--cube-checkbox-ui_disabled\\"><wx-view class=\\"main--cube-checkbox-inner-ui main--cube-checkbox-inner-ui-round\\"></wx-view></wx-view><wx-view class=\\"main--cube-checkbox-text-wrap main--cube-checkbox-text-wrap_disabled\\"></wx-view></wx-label></wx-view>"`;

exports[`component checkbox unit test render check render 1`] = `"<wx-view class=\\"main--cube-checkbox\\"><wx-label class=\\"main--cube-checkbox-label\\"><wx-view class=\\"main--cube-checkbox-ui main--cube-checkbox-ui-round\\"><wx-view class=\\"main--cube-checkbox-inner-ui main--cube-checkbox-inner-ui-round\\"></wx-view></wx-view><wx-view class=\\"main--cube-checkbox-text-wrap\\"></wx-view></wx-label></wx-view>"`;

exports[`component checkbox unit test render check render 2`] = `"<wx-view class=\\"main--cube-checkbox\\"><wx-label class=\\"main--cube-checkbox-label\\"><wx-view class=\\"main--cube-checkbox-ui main--cube-checkbox-ui-round main--cube-checkbox-ui_checked\\"><wx-view class=\\"main--cube-checkbox-inner-ui main--cube-checkbox-inner-ui-round\\"></wx-view></wx-view><wx-view class=\\"main--cube-checkbox-text-wrap\\"></wx-view></wx-label></wx-view>"`;

exports[`component checkbox unit test render check render 3`] = `"<wx-view class=\\"main--cube-checkbox\\"><wx-label class=\\"main--cube-checkbox-label\\"><wx-view class=\\"main--cube-checkbox-ui main--cube-checkbox-ui-square\\"><wx-view class=\\"main--cube-checkbox-inner-ui main--cube-checkbox-inner-ui-square\\"></wx-view></wx-view><wx-view class=\\"main--cube-checkbox-text-wrap\\"></wx-view></wx-label></wx-view>"`;

exports[`component checkbox unit test render check render 4`] = `"<wx-view class=\\"main--cube-checkbox\\"><wx-label class=\\"main--cube-checkbox-label main--cube-checkbox-label-position\\"><wx-view class=\\"main--cube-checkbox-ui main--cube-checkbox-ui-round main--cube-checkbox-ui_disabled\\"><wx-view class=\\"main--cube-checkbox-inner-ui main--cube-checkbox-inner-ui-round\\"></wx-view></wx-view><wx-view class=\\"main--cube-checkbox-text-wrap main--cube-checkbox-text-wrap_disabled\\"><wx-view><wx-view class=\\"main--cube-checkbox-text\\">桔子text</wx-view><wx-view class=\\"main--cube-checkbox-desc\\">桔子desc</wx-view></wx-view></wx-view></wx-label></wx-view>"`;

exports[`component checkbox unit test slot check matchSnapshot 1`] = `"<main><wx-view class=\\"main--cube-checkbox\\"><wx-label class=\\"main--cube-checkbox-label\\"><wx-view class=\\"main--cube-checkbox-ui main--cube-checkbox-ui-round\\"><wx-view class=\\"main--cube-checkbox-inner-ui main--cube-checkbox-inner-ui-round\\"></wx-view></wx-view><wx-view class=\\"main--cube-checkbox-text-wrap\\"><wx-view class=\\"my-title\\">round</wx-view></wx-view></wx-label></wx-view></main>"`;
